// Jest Snapshot v1, https://goo.gl/fbAQLP

exports[`Button component snapshot 1`] = `
.c0 {
  padding: 5px;
}

.c0[aria-disabled='true'] {
  cursor: not-allowed;
}

.c0[aria-disabled='true']:active {
  pointer-events: none;
}

<div>
  <button
    class="c0"
    disabled=""
    name="submit"
    type="submit"
  >
    Submit
  </button>
</div>
`;
